#Coordinates  RecID  LigID  Luciferin  Neighbor's number  Vision Range  Scoring
(19.6114423, -19.8650112, -6.3956223,  0.6197606,  0.4056775,  0.5217316,  0.4232243)    0    0  -0.54173583  0 4.200  -0.38363229
(16.6586088, -23.4665898,  6.3023883,  0.8591113,  0.1571020,  0.4472310,  0.1929537)    0    0  -1.08295303  0 4.200  -0.74663872
(18.9126551, -20.6090149,  2.4938194,  0.7928908,  0.2313514,  0.5227017,  0.2111485)    0    0  -3.02825540  0 4.200  -2.05139633
(24.7666679, -28.1580171,  4.4050217,  0.8603800,  0.2179862,  0.3524091,  0.2967087)    0    0   0.05122253  0 4.200   0.01407809
(25.5046197, -19.4584549, -5.7767591,  0.6796231,  0.2389779,  0.5224339,  0.4561412)    0    0  -0.07695323  0 4.200  -0.07189225
