Group: additional-devel (Additional Development)
  Package: alsa-lib-devel: {'basearchonly': False, 'type': 'default'}
  Package: audit-libs-devel: {'basearchonly': False, 'type': 'default'}
  Package: binutils-devel: {'basearchonly': False, 'type': 'default'}
  Package: boost-devel: {'basearchonly': False, 'type': 'default'}
  Package: bzip2-devel: {'basearchonly': False, 'type': 'default'}
  Package: cyrus-sasl-devel: {'basearchonly': False, 'type': 'default'}
Group: backup-client (Backup Client)
  Package: amanda-client: {'basearchonly': False, 'type': 'mandatory'}
  Package: bacula-client: {'basearchonly': False, 'type': 'optional'}
Group: backup-server (Backup Server)
  Package: amanda-server: {'basearchonly': False, 'type': 'mandatory'}
  Package: mt-st: {'basearchonly': False, 'type': 'optional'}
  Package: mtx: {'basearchonly': False, 'type': 'optional'}
Group: ansible-node (Ansible node)
  Package: python2-dnf: {'basearchonly': False, 'type': 'mandatory'}
  Package: libselinux-python: {'basearchonly': False, 'requires': 'selinux-policy', 'type': 'conditional'}
Group: d-development (D Development Tools and Libraries)
  Package: ldc: {'basearchonly': True, 'type': 'mandatory'}
  Package: ldc-druntime: {'basearchonly': True, 'type': 'mandatory'}
  Package: ldc-druntime-devel: {'basearchonly': True, 'type': 'mandatory'}
  Package: ldc-phobos-devel: {'basearchonly': True, 'type': 'mandatory'}
  Package: make: {'basearchonly': False, 'type': 'mandatory'}
  Package: pkgconfig: {'basearchonly': False, 'type': 'mandatory'}
  Package: ctags: {'basearchonly': False, 'type': 'default'}
  Package: indent: {'basearchonly': False, 'type': 'default'}
  Package: astyle: {'basearchonly': False, 'type': 'optional'}
  Package: cmake: {'basearchonly': False, 'type': 'optional'}
  Package: derelict-devel: {'basearchonly': False, 'type': 'optional'}
  Package: geany: {'basearchonly': False, 'type': 'optional'}
  Package: gl3n-devel: {'basearchonly': False, 'type': 'optional'}
  Package: insight: {'basearchonly': False, 'type': 'optional'}
  Package: nemiver: {'basearchonly': False, 'type': 'optional'}
  Package: uncrustify: {'basearchonly': False, 'type': 'optional'}
Group: empty-group-1 (empty group 1)
Group: empty-group-2 (empty group 2)
Group: unknown-group (unknown group)
  Package: unknown: {'basearchonly': False, 'type': 'unknown'}
  Package: unknown2: {'basearchonly': False, 'type': 'unknown'}
