#Coordinates  RecID  LigID  Luciferin  Neighbor's number  Vision Range  Scoring
(20.3290000, -5.6080000,  6.3090000,  0.7911536,  0.3715724, -0.3345653, -0.3522442)    0    0   5.00000000  0 15.000   0.00000000
(23.1330000, -4.2060000,  2.1030000,  0.0432273, -0.4890738,  0.8471007, -0.2033683)    0    0   5.00000000  0 15.000   0.00000000
(21.7310000,  1.4020000, -6.3090000,  0.2938926, -0.2296444,  0.2067727,  0.9045085)    0    0   5.00000000  0 15.000   0.00000000
(18.9270000,  3.5050000,  7.0100000,  0.4368095,  0.7913380,  0.1682041,  0.3933051)    0    0   5.00000000  0 15.000   0.00000000
(23.8340000, -3.5050000, -7.0100000,  0.6012167,  0.6654651,  0.0699432,  0.4368096)    0    0   5.00000000  0 15.000   0.00000000
