#Coordinates  RecID  LigID  Luciferin  Neighbor's number  Vision Range  Scoring
(20.5810798, -4.7752427,  4.9561304, -0.3160703, -0.6585217,  0.5593400, -0.3919024)    0    0  17.67345600  4 15.640  11.06000000
(23.1330000, -4.2060000,  2.1030000,  0.0432273, -0.4890738,  0.8471007, -0.2033683)    0    0  33.73190400  0 18.200  25.34000000
(22.2224293,  0.0040128, -5.5177977, -0.1089867, -0.5569933,  0.7398643, -0.3612217)    0    0  32.95636800  1 17.080  34.03000000
(19.6571872,  2.2721860,  5.7963082, -0.1453996, -0.5995664,  0.6878525, -0.3824110)    0    0  19.45190400  3 16.760  12.97000000
(23.5342698, -3.1581069, -5.5706755, -0.1585166, -0.5870928,  0.6942587, -0.3849666)    0    0  32.07024000  2 17.400  26.64000000
