# Auto-generated by the Koji build system

config_opts['basedir'] = '/var/lib/mock'
config_opts['chroot_setup_cmd'] = 'groupinstall build'
config_opts['chroothome'] = '/builddir'
config_opts['dnf_warning'] = False
config_opts['internal_dev_setup'] = True
config_opts['root'] = 'ROOTNAME'
config_opts['rpmbuild_networking'] = False
config_opts['rpmbuild_timeout'] = 86400
config_opts['target_arch'] = 'x86_64'
config_opts['use_host_resolv'] = False
config_opts['yum.conf'] = '[main]\ncachedir=/var/cache/yum\ndebuglevel=1\nlogfile=/var/log/yum.log\nreposdir=/dev/null\nretries=20\nobsoletes=1\ngpgcheck=0\nassumeyes=1\nkeepcache=1\ninstall_weak_deps=0\nstrict=1\n\n# repos\n\n[build]\nname=build\nbaseurl=file:///mnt/koji/repos/TAG/99/x86_64\n'

config_opts['plugin_conf']['ccache_enable'] = False
config_opts['plugin_conf']['root_cache_enable'] = False
config_opts['plugin_conf']['yum_cache_enable'] = False

config_opts['macros']['%_host'] = 'x86_64-koji-linux-gnu'
config_opts['macros']['%_host_cpu'] = 'x86_64'
config_opts['macros']['%_rpmfilename'] = '%%{NAME}-%%{VERSION}-%%{RELEASE}.%%{ARCH}.rpm'
config_opts['macros']['%_topdir'] = '/builddir/build'
config_opts['macros']['%distribution'] = 'Unknown'
config_opts['macros']['%packager'] = 'Koji'
config_opts['macros']['%vendor'] = 'Koji'

