[lightdock_setup] INFO: Reading structure from 2UUY_rec.pdb PDB file...
[lightdock_setup] INFO: 1628 atoms, 223 residues read.
[lightdock_setup] INFO: Reading structure from 2UUY_lig.pdb PDB file...
[lightdock_setup] INFO: 415 atoms, 55 residues read.
[lightdock_setup] INFO: Calculating reference points for receptor 2UUY_rec.pdb...
[lightdock_setup] INFO: Done.
[lightdock_setup] INFO: Calculating reference points for ligand 2UUY_lig.pdb...
[lightdock_setup] INFO: Done.
[lightdock_setup] INFO: Saving processed structure to PDB file...
[lightdock_setup] INFO: Done.
[lightdock_setup] INFO: Saving processed structure to PDB file...
[lightdock_setup] INFO: Done.
[lightdock_setup] INFO: Calculating starting positions...
[lightdock_setup] INFO: Generated 1 positions files
[lightdock_setup] INFO: Done.
[lightdock_setup] INFO: Preparing environment
[lightdock_setup] INFO: Done.
[lightdock_setup] INFO: LightDock setup OK
